// Jest Snapshot v1, https://goo.gl/fbAQLP

exports[`characterClasses should match the snapshot 1`] = `
{
  "Assassin": {
    "Alignment": [
      "Neutral",
      "Chaotic",
    ],
    "ArmorPermitted": "Leather armor only, shield permitted",
    "HitDice": 6,
    "PrimeAttr": [
      [
        "Strength",
        13,
      ],
      [
        "Dexterity",
        13,
      ],
      [
        "Intelligence",
        13,
      ],
    ],
    "Race": [
      "Human",
    ],
    "SavingThrow": {
      "alternative": {
        "DeathRaysAndPoison": 13,
        "DragonsBreath": 16,
        "SpellsAndStaffs": 15,
        "TurnedToStone": 13,
        "Wands": 14,
      },
      "snw": {
        "details": null,
        "value": 15,
      },
    },
    "StrictAttr": [
      [
        "Strength",
        12,
      ],
      [
        "Dexterity",
        12,
      ],
      [
        "Intelligence",
        12,
      ],
    ],
    "WeaponsPermitted": "Any",
    "name": "Assassin",
  },
  "Cleric": {
    "$isCaster": true,
    "$spellsAtTheFirstLevel": 0,
    "Alignment": [
      "Lawful",
      "Chaotic",
    ],
    "ArmorPermitted": "Any",
    "HitDice": 6,
    "PrimeAttr": [
      [
        "Wisdom",
        13,
      ],
    ],
    "Race": [
      "Human",
      "HalfElf",
    ],
    "SavingThrow": {
      "alternative": {
        "DeathRaysAndPoison": 11,
        "DragonsBreath": 16,
        "SpellsAndStaffs": 15,
        "TurnedToStone": 14,
        "Wands": 12,
      },
      "snw": {
        "details": "+2 against being paralyzed or poisoned",
        "value": 15,
      },
    },
    "WeaponsPermitted": "Blunt weapons only (club, flail, hammer, mace, staff, etc.). No missile weapons other than oil or slings if the Referee permits.",
    "name": "Cleric",
  },
  "Druid": {
    "$isCaster": true,
    "$spellsAtTheFirstLevel": 1,
    "Alignment": [
      "Neutral",
    ],
    "ArmorPermitted": "Leather armor, wooden shield",
    "HitDice": 6,
    "PrimeAttr": [
      [
        "Wisdom",
        13,
      ],
      [
        "Charisma",
        13,
      ],
    ],
    "Race": [
      "Human",
    ],
    "SavingThrow": {
      "alternative": {
        "DeathRaysAndPoison": 11,
        "DragonsBreath": 16,
        "SpellsAndStaffs": 15,
        "TurnedToStone": 14,
        "Wands": 12,
      },
      "snw": {
        "details": "+2 bonus against fire",
        "value": 15,
      },
    },
    "StrictAttr": [
      [
        "Wisdom",
        12,
      ],
      [
        "Charisma",
        14,
      ],
    ],
    "WeaponsPermitted": "Dagger, sickle-shaped sword (treat as short sword), spear, sling, oil",
    "name": "Druid",
  },
  "Fighter": {
    "Alignment": [
      "Chaotic",
      "Neutral",
      "Lawful",
    ],
    "ArmorPermitted": "Any",
    "HitDice": 8,
    "PrimeAttr": [
      [
        "Strength",
        13,
      ],
    ],
    "Race": [
      "Human",
      "Dwarf",
      "Elf",
      "HalfElf",
      "Hobbit",
    ],
    "SavingThrow": {
      "alternative": {
        "DeathRaysAndPoison": 12,
        "DragonsBreath": 15,
        "SpellsAndStaffs": 16,
        "TurnedToStone": 14,
        "Wands": 13,
      },
      "snw": {
        "details": "+1 bonus on all saving throws except against spells (including those from wands and staffs)",
        "value": 15,
      },
    },
    "WeaponsPermitted": "Any",
    "name": "Fighter",
  },
  "MagicUser": {
    "$isCaster": true,
    "$spellsAtTheFirstLevel": 1,
    "Alignment": [
      "Chaotic",
      "Neutral",
      "Lawful",
    ],
    "ArmorPermitted": "None",
    "HitDice": 4,
    "PrimeAttr": [
      [
        "Intelligence",
        13,
      ],
    ],
    "Race": [
      "Elf",
      "HalfElf",
      "Human",
    ],
    "SavingThrow": {
      "alternative": {
        "DeathRaysAndPoison": 13,
        "DragonsBreath": 16,
        "SpellsAndStaffs": 15,
        "TurnedToStone": 13,
        "Wands": 14,
      },
      "snw": {
        "details": "+2 against spells, including spells from magic wands and staffs",
        "value": 15,
      },
    },
    "WeaponsPermitted": "Dagger, staff, and darts",
    "name": "MagicUser",
  },
  "Monk": {
    "Alignment": [
      "Chaotic",
      "Neutral",
      "Lawful",
    ],
    "ArmorPermitted": "None",
    "HitDice": 4,
    "PrimeAttr": [
      [
        "Wisdom",
        13,
      ],
    ],
    "Race": [
      "Human",
    ],
    "SavingThrow": {
      "alternative": {
        "DeathRaysAndPoison": 11,
        "DragonsBreath": 16,
        "SpellsAndStaffs": 15,
        "TurnedToStone": 14,
        "Wands": 12,
      },
      "snw": {
        "details": "+2 bonus against paralysis and poisons (when Wisdom is 12+)",
        "value": 15,
      },
    },
    "StrictAttr": [
      [
        "Strength",
        12,
      ],
      [
        "Dexterity",
        15,
      ],
      [
        "Wisdom",
        15,
      ],
    ],
    "WeaponsPermitted": "Any",
    "name": "Monk",
  },
  "Paladin": {
    "Alignment": [
      "Lawful",
    ],
    "ArmorPermitted": "Any",
    "HitDice": 8,
    "PrimeAttr": [
      [
        "Strength",
        13,
      ],
    ],
    "Race": [
      "Human",
    ],
    "SavingThrow": {
      "alternative": {
        "DeathRaysAndPoison": 12,
        "DragonsBreath": 15,
        "SpellsAndStaffs": 16,
        "TurnedToStone": 14,
        "Wands": 13,
      },
      "snw": {
        "details": null,
        "value": 12,
      },
    },
    "StrictAttr": [
      [
        "Charisma",
        17,
      ],
    ],
    "WeaponsPermitted": "Any",
    "name": "Paladin",
  },
  "Ranger": {
    "$meta": "2d8 at first level, 1d8/level thereafter",
    "Alignment": [
      "Lawful",
    ],
    "ArmorPermitted": "Any",
    "HitDice": 8,
    "PrimeAttr": [
      [
        "Strength",
        13,
      ],
    ],
    "Race": [
      "Human",
    ],
    "SavingThrow": {
      "alternative": {
        "DeathRaysAndPoison": 12,
        "DragonsBreath": 15,
        "SpellsAndStaffs": 16,
        "TurnedToStone": 14,
        "Wands": 13,
      },
      "snw": {
        "details": null,
        "value": 14,
      },
    },
    "StrictAttr": [
      [
        "Constitution",
        15,
      ],
      [
        "Intelligence",
        12,
      ],
      [
        "Wisdom",
        12,
      ],
    ],
    "WeaponsPermitted": "Any",
    "name": "Ranger",
  },
  "Thief": {
    "Alignment": [
      "Neutral",
      "Chaotic",
    ],
    "ArmorPermitted": "Leather armor only; no shield",
    "HitDice": 4,
    "PrimeAttr": [
      [
        "Dexterity",
        13,
      ],
    ],
    "Race": [
      "Human",
      "Dwarf",
      "Elf",
      "HalfElf",
      "Hobbit",
    ],
    "SavingThrow": {
      "alternative": {
        "DeathRaysAndPoison": 13,
        "DragonsBreath": 16,
        "SpellsAndStaffs": 15,
        "TurnedToStone": 13,
        "Wands": 14,
      },
      "snw": {
        "details": "+2 against devices, including traps, magical wands or staffs, and other magical devices",
        "value": 15,
      },
    },
    "WeaponsPermitted": "All, but magical weapons are limited to daggers and swords",
    "name": "Thief",
  },
}
`;
